{"delay": 1, "event_gradient_norm": 1.507082, "jacobian_spectral_norm": 2.563878, "mode": "EASY", "retention_probe_r2": 0.998317, "runtime_seconds": 3.22, "seed": 17, "status": "ok", "test_accuracy": 1.0}
{"delay": 1, "event_gradient_norm": 1.395866, "jacobian_spectral_norm": 2.2329, "mode": "EASY", "retention_probe_r2": 0.998679, "runtime_seconds": 1.91, "seed": 29, "status": "ok", "test_accuracy": 1.0}
{"delay": 1, "event_gradient_norm": 1.448697, "jacobian_spectral_norm": 2.464315, "mode": "EASY", "retention_probe_r2": 0.9979, "runtime_seconds": 1.96, "seed": 43, "status": "ok", "test_accuracy": 1.0}
{"delay": 1, "event_gradient_norm": 1.167644, "jacobian_spectral_norm": 2.633175, "mode": "HARD", "retention_probe_r2": 0.995994, "runtime_seconds": 1.9, "seed": 17, "status": "ok", "test_accuracy": 1.0}
{"delay": 1, "event_gradient_norm": 1.683211, "jacobian_spectral_norm": 2.894802, "mode": "HARD", "retention_probe_r2": 0.995647, "runtime_seconds": 1.9, "seed": 29, "status": "ok", "test_accuracy": 1.0}
{"delay": 1, "event_gradient_norm": 1.282843, "jacobian_spectral_norm": 2.727205, "mode": "HARD", "retention_probe_r2": 0.997357, "runtime_seconds": 2.09, "seed": 43, "status": "ok", "test_accuracy": 1.0}
{"delay": 2, "event_gradient_norm": 1.067666, "jacobian_spectral_norm": 2.328451, "mode": "EASY", "retention_probe_r2": 0.998148, "runtime_seconds": 2.0, "seed": 17, "status": "ok", "test_accuracy": 1.0}
{"delay": 2, "event_gradient_norm": 0.960008, "jacobian_spectral_norm": 2.215992, "mode": "EASY", "retention_probe_r2": 0.998544, "runtime_seconds": 2.02, "seed": 29, "status": "ok", "test_accuracy": 1.0}
{"delay": 2, "event_gradient_norm": 0.74367, "jacobian_spectral_norm": 2.229883, "mode": "EASY", "retention_probe_r2": 0.998448, "runtime_seconds": 2.01, "seed": 43, "status": "ok", "test_accuracy": 1.0}
{"delay": 2, "event_gradient_norm": 0.893134, "jacobian_spectral_norm": 2.800951, "mode": "HARD", "retention_probe_r2": 0.996224, "runtime_seconds": 1.98, "seed": 17, "status": "ok", "test_accuracy": 1.0}
{"delay": 2, "event_gradient_norm": 1.016076, "jacobian_spectral_norm": 2.721478, "mode": "HARD", "retention_probe_r2": 0.995239, "runtime_seconds": 1.99, "seed": 29, "status": "ok", "test_accuracy": 1.0}
{"delay": 2, "event_gradient_norm": 0.623036, "jacobian_spectral_norm": 2.78055, "mode": "HARD", "retention_probe_r2": 0.997242, "runtime_seconds": 1.99, "seed": 43, "status": "ok", "test_accuracy": 1.0}
{"delay": 4, "event_gradient_norm": 0.026938, "jacobian_spectral_norm": 1.964273, "mode": "EASY", "retention_probe_r2": 0.999069, "runtime_seconds": 2.11, "seed": 17, "status": "ok", "test_accuracy": 1.0}
{"delay": 4, "event_gradient_norm": 0.507744, "jacobian_spectral_norm": 2.399127, "mode": "EASY", "retention_probe_r2": 0.998411, "runtime_seconds": 2.21, "seed": 29, "status": "ok", "test_accuracy": 1.0}
{"delay": 4, "event_gradient_norm": 0.768219, "jacobian_spectral_norm": 2.325842, "mode": "EASY", "retention_probe_r2": 0.998741, "runtime_seconds": 2.13, "seed": 43, "status": "ok", "test_accuracy": 1.0}
{"delay": 4, "event_gradient_norm": 0.134508, "jacobian_spectral_norm": 2.490566, "mode": "HARD", "retention_probe_r2": 0.984186, "runtime_seconds": 2.18, "seed": 17, "status": "ok", "test_accuracy": 0.9961}
{"delay": 4, "event_gradient_norm": 0.628951, "jacobian_spectral_norm": 2.648667, "mode": "HARD", "retention_probe_r2": 0.99615, "runtime_seconds": 2.18, "seed": 29, "status": "ok", "test_accuracy": 1.0}
{"delay": 4, "event_gradient_norm": 0.590851, "jacobian_spectral_norm": 2.74332, "mode": "HARD", "retention_probe_r2": 0.996508, "runtime_seconds": 2.21, "seed": 43, "status": "ok", "test_accuracy": 1.0}
{"delay": 8, "event_gradient_norm": 0.549311, "jacobian_spectral_norm": 2.240319, "mode": "EASY", "retention_probe_r2": 0.997669, "runtime_seconds": 2.42, "seed": 17, "status": "ok", "test_accuracy": 1.0}
{"delay": 8, "event_gradient_norm": 0.0, "jacobian_spectral_norm": 1.132343, "mode": "EASY", "retention_probe_r2": 0.999081, "runtime_seconds": 2.46, "seed": 29, "status": "ok", "test_accuracy": 1.0}
{"delay": 8, "event_gradient_norm": 0.824985, "jacobian_spectral_norm": 2.457958, "mode": "EASY", "retention_probe_r2": 0.997132, "runtime_seconds": 2.4, "seed": 43, "status": "ok", "test_accuracy": 1.0}
{"delay": 8, "event_gradient_norm": 0.0, "jacobian_spectral_norm": 1.035058, "mode": "HARD", "retention_probe_r2": 0.990849, "runtime_seconds": 2.5, "seed": 17, "status": "ok", "test_accuracy": 0.998}
{"delay": 8, "event_gradient_norm": 0.000842, "jacobian_spectral_norm": 2.128334, "mode": "HARD", "retention_probe_r2": 0.976279, "runtime_seconds": 2.41, "seed": 29, "status": "ok", "test_accuracy": 0.9941}
{"delay": 8, "event_gradient_norm": 0.0, "jacobian_spectral_norm": 1.320487, "mode": "HARD", "retention_probe_r2": 0.998364, "runtime_seconds": 2.42, "seed": 43, "status": "ok", "test_accuracy": 1.0}
{"delay": 16, "event_gradient_norm": 0.114553, "jacobian_spectral_norm": 1.988446, "mode": "EASY", "retention_probe_r2": 0.998847, "runtime_seconds": 3.52, "seed": 17, "status": "ok", "test_accuracy": 1.0}
{"delay": 16, "event_gradient_norm": 0.81901, "jacobian_spectral_norm": 2.060178, "mode": "EASY", "retention_probe_r2": 0.99612, "runtime_seconds": 3.75, "seed": 29, "status": "ok", "test_accuracy": 1.0}
{"delay": 16, "event_gradient_norm": 1.119481, "jacobian_spectral_norm": 2.072674, "mode": "EASY", "retention_probe_r2": 0.996713, "runtime_seconds": 3.72, "seed": 43, "status": "ok", "test_accuracy": 1.0}
{"delay": 16, "event_gradient_norm": 1.8e-05, "jacobian_spectral_norm": 1.368111, "mode": "HARD", "retention_probe_r2": 0.917101, "runtime_seconds": 3.52, "seed": 17, "status": "ok", "test_accuracy": 0.9766}
{"delay": 16, "event_gradient_norm": 0.0, "jacobian_spectral_norm": 1.075478, "mode": "HARD", "retention_probe_r2": 0.771956, "runtime_seconds": 3.5, "seed": 29, "status": "ok", "test_accuracy": 0.9395}
{"delay": 16, "event_gradient_norm": 2e-06, "jacobian_spectral_norm": 1.251714, "mode": "HARD", "retention_probe_r2": 0.762634, "runtime_seconds": 3.59, "seed": 43, "status": "ok", "test_accuracy": 0.9355}
{"delay": 32, "event_gradient_norm": 0.742155, "jacobian_spectral_norm": 1.718038, "mode": "EASY", "retention_probe_r2": 0.995055, "runtime_seconds": 4.9, "seed": 17, "status": "ok", "test_accuracy": 1.0}
{"delay": 32, "event_gradient_norm": 0.561049, "jacobian_spectral_norm": 1.699039, "mode": "EASY", "retention_probe_r2": 0.996277, "runtime_seconds": 5.06, "seed": 29, "status": "ok", "test_accuracy": 1.0}
{"delay": 32, "event_gradient_norm": 0.993268, "jacobian_spectral_norm": 1.85007, "mode": "EASY", "retention_probe_r2": 0.994, "runtime_seconds": 4.85, "seed": 43, "status": "ok", "test_accuracy": 1.0}
{"delay": 32, "event_gradient_norm": 0.0, "jacobian_spectral_norm": 1.186367, "mode": "HARD", "retention_probe_r2": 0.700396, "runtime_seconds": 5.1, "seed": 17, "status": "ok", "test_accuracy": 0.916}
{"delay": 32, "event_gradient_norm": 0.0, "jacobian_spectral_norm": 0.755718, "mode": "HARD", "retention_probe_r2": 0.95775, "runtime_seconds": 5.64, "seed": 29, "status": "ok", "test_accuracy": 0.9902}
{"delay": 32, "event_gradient_norm": 0.0, "jacobian_spectral_norm": 1.312921, "mode": "HARD", "retention_probe_r2": 0.662171, "runtime_seconds": 4.86, "seed": 43, "status": "ok", "test_accuracy": 0.8457}
{"delay": 64, "event_gradient_norm": 7e-06, "jacobian_spectral_norm": 1.337164, "mode": "EASY", "retention_probe_r2": -0.012742, "runtime_seconds": 7.38, "seed": 17, "status": "ok", "test_accuracy": 0.5195}
{"delay": 64, "event_gradient_norm": 0.785734, "jacobian_spectral_norm": 1.677307, "mode": "EASY", "retention_probe_r2": 0.995078, "runtime_seconds": 7.06, "seed": 29, "status": "ok", "test_accuracy": 1.0}
{"delay": 64, "event_gradient_norm": 0.0, "jacobian_spectral_norm": 1.158189, "mode": "EASY", "retention_probe_r2": -0.000331, "runtime_seconds": 7.34, "seed": 43, "status": "ok", "test_accuracy": 0.4648}
{"delay": 64, "event_gradient_norm": 0.0, "jacobian_spectral_norm": 1.492763, "mode": "HARD", "retention_probe_r2": 0.727265, "runtime_seconds": 7.47, "seed": 17, "status": "ok", "test_accuracy": 0.9258}
{"delay": 64, "event_gradient_norm": 0.0, "jacobian_spectral_norm": 1.378789, "mode": "HARD", "retention_probe_r2": 0.589605, "runtime_seconds": 8.39, "seed": 29, "status": "ok", "test_accuracy": 0.875}
{"delay": 64, "event_gradient_norm": 0.0, "jacobian_spectral_norm": 1.119852, "mode": "HARD", "retention_probe_r2": 0.238264, "runtime_seconds": 7.54, "seed": 43, "status": "ok", "test_accuracy": 0.6855}
{"delay": 128, "event_gradient_norm": 1.5e-05, "jacobian_spectral_norm": 1.428283, "mode": "EASY", "retention_probe_r2": -0.026455, "runtime_seconds": 11.18, "seed": 17, "status": "ok", "test_accuracy": 0.5234}
{"delay": 128, "event_gradient_norm": 0.0, "jacobian_spectral_norm": 1.284027, "mode": "EASY", "retention_probe_r2": -0.003323, "runtime_seconds": 11.24, "seed": 29, "status": "ok", "test_accuracy": 0.5117}
{"delay": 128, "event_gradient_norm": 0.0, "jacobian_spectral_norm": 1.282032, "mode": "EASY", "retention_probe_r2": -0.000463, "runtime_seconds": 10.91, "seed": 43, "status": "ok", "test_accuracy": 0.4707}
{"delay": 128, "event_gradient_norm": 0.0, "jacobian_spectral_norm": 1.215414, "mode": "HARD", "retention_probe_r2": 0.661673, "runtime_seconds": 17.7, "seed": 17, "status": "ok", "test_accuracy": 0.9043}
{"delay": 128, "event_gradient_norm": 0.0, "jacobian_spectral_norm": 1.143455, "mode": "HARD", "retention_probe_r2": 0.344975, "runtime_seconds": 17.0, "seed": 29, "status": "ok", "test_accuracy": 0.7578}
{"delay": 128, "event_gradient_norm": 0.0, "jacobian_spectral_norm": 1.595115, "mode": "HARD", "retention_probe_r2": 0.608454, "runtime_seconds": 16.93, "seed": 43, "status": "ok", "test_accuracy": 0.8867}
EXP-001 sweep finished in 234.8s wall time; 48 runs, 0 failures.
